0 verbose cli /usr/local/bin/node /usr/local/bin/npm
1 info using npm@11.6.2
2 info using node@v24.11.1
3 silly config load:file:/usr/local/lib/node_modules/npm/npmrc
4 silly config load:file:/Users/joaomvalente/Downloads/Trabalhos/Bicycle-WebApp/.npmrc
5 silly config load:file:/Users/joaomvalente/.npmrc
6 silly config load:file:/usr/local/etc/npmrc
7 verbose title npm install jszip
8 verbose argv "install" "jszip" "--cache" ".npm-cache"
9 verbose logfile logs-max:10 dir:/Users/joaomvalente/Downloads/Trabalhos/Bicycle-WebApp/.npm-cache/_logs/2026-04-23T13_07_52_408Z-
10 verbose logfile /Users/joaomvalente/Downloads/Trabalhos/Bicycle-WebApp/.npm-cache/_logs/2026-04-23T13_07_52_408Z-debug-0.log
11 silly logfile done cleaning log files
12 silly packumentCache heap:4496293888 maxSize:1124073472 maxEntrySize:562036736
13 verbose shrinkwrap failed to load node_modules/.package-lock.json out of date, updated: node_modules
14 silly idealTree buildDeps
15 silly fetch manifest jszip@*
16 silly packumentCache full:https://registry.npmjs.org/jszip cache-miss
17 http fetch GET 200 https://registry.npmjs.org/jszip 154ms (cache revalidated)
18 silly packumentCache full:https://registry.npmjs.org/jszip set size:98327 disposed:false
19 silly placeDep ROOT jszip@3.10.1 REPLACE for: bicycle-webapp@0.0.0 want: *
20 silly reify moves {}
21 silly audit bulk request {
21 silly audit   '@babel/code-frame': [ '7.29.0' ],
21 silly audit   '@babel/compat-data': [ '7.29.0' ],
21 silly audit   '@babel/core': [ '7.29.0' ],
21 silly audit   '@babel/generator': [ '7.29.1' ],
21 silly audit   '@babel/helper-compilation-targets': [ '7.28.6' ],
21 silly audit   '@babel/helper-globals': [ '7.28.0' ],
21 silly audit   '@babel/helper-module-imports': [ '7.28.6' ],
21 silly audit   '@babel/helper-module-transforms': [ '7.28.6' ],
21 silly audit   '@babel/helper-plugin-utils': [ '7.28.6' ],
21 silly audit   '@babel/helper-string-parser': [ '7.27.1' ],
21 silly audit   '@babel/helper-validator-identifier': [ '7.28.5' ],
21 silly audit   '@babel/helper-validator-option': [ '7.27.1' ],
21 silly audit   '@babel/helpers': [ '7.29.2' ],
21 silly audit   '@babel/parser': [ '7.29.2' ],
21 silly audit   '@babel/plugin-transform-react-jsx-self': [ '7.27.1' ],
21 silly audit   '@babel/plugin-transform-react-jsx-source': [ '7.27.1' ],
21 silly audit   '@babel/template': [ '7.28.6' ],
21 silly audit   '@babel/traverse': [ '7.29.0' ],
21 silly audit   '@babel/types': [ '7.29.0' ],
21 silly audit   '@esbuild/aix-ppc64': [ '0.27.7' ],
21 silly audit   '@esbuild/android-arm': [ '0.27.7' ],
21 silly audit   '@esbuild/android-arm64': [ '0.27.7' ],
21 silly audit   '@esbuild/android-x64': [ '0.27.7' ],
21 silly audit   '@esbuild/darwin-arm64': [ '0.27.7' ],
21 silly audit   '@esbuild/darwin-x64': [ '0.27.7' ],
21 silly audit   '@esbuild/freebsd-arm64': [ '0.27.7' ],
21 silly audit   '@esbuild/freebsd-x64': [ '0.27.7' ],
21 silly audit   '@esbuild/linux-arm': [ '0.27.7' ],
21 silly audit   '@esbuild/linux-arm64': [ '0.27.7' ],
21 silly audit   '@esbuild/linux-ia32': [ '0.27.7' ],
21 silly audit   '@esbuild/linux-loong64': [ '0.27.7' ],
21 silly audit   '@esbuild/linux-mips64el': [ '0.27.7' ],
21 silly audit   '@esbuild/linux-ppc64': [ '0.27.7' ],
21 silly audit   '@esbuild/linux-riscv64': [ '0.27.7' ],
21 silly audit   '@esbuild/linux-s390x': [ '0.27.7' ],
21 silly audit   '@esbuild/linux-x64': [ '0.27.7' ],
21 silly audit   '@esbuild/netbsd-arm64': [ '0.27.7' ],
21 silly audit   '@esbuild/netbsd-x64': [ '0.27.7' ],
21 silly audit   '@esbuild/openbsd-arm64': [ '0.27.7' ],
21 silly audit   '@esbuild/openbsd-x64': [ '0.27.7' ],
21 silly audit   '@esbuild/openharmony-arm64': [ '0.27.7' ],
21 silly audit   '@esbuild/sunos-x64': [ '0.27.7' ],
21 silly audit   '@esbuild/win32-arm64': [ '0.27.7' ],
21 silly audit   '@esbuild/win32-ia32': [ '0.27.7' ],
21 silly audit   '@esbuild/win32-x64': [ '0.27.7' ],
21 silly audit   '@jridgewell/gen-mapping': [ '0.3.13' ],
21 silly audit   '@jridgewell/remapping': [ '2.3.5' ],
21 silly audit   '@jridgewell/resolve-uri': [ '3.1.2' ],
21 silly audit   '@jridgewell/sourcemap-codec': [ '1.5.5' ],
21 silly audit   '@jridgewell/trace-mapping': [ '0.3.31' ],
21 silly audit   '@rolldown/pluginutils': [ '1.0.0-rc.3' ],
21 silly audit   '@rollup/rollup-android-arm-eabi': [ '4.60.2' ],
21 silly audit   '@rollup/rollup-android-arm64': [ '4.60.2' ],
21 silly audit   '@rollup/rollup-darwin-arm64': [ '4.60.2' ],
21 silly audit   '@rollup/rollup-darwin-x64': [ '4.60.2' ],
21 silly audit   '@rollup/rollup-freebsd-arm64': [ '4.60.2' ],
21 silly audit   '@rollup/rollup-freebsd-x64': [ '4.60.2' ],
21 silly audit   '@rollup/rollup-linux-arm-gnueabihf': [ '4.60.2' ],
21 silly audit   '@rollup/rollup-linux-arm-musleabihf': [ '4.60.2' ],
21 silly audit   '@rollup/rollup-linux-arm64-gnu': [ '4.60.2' ],
21 silly audit   '@rollup/rollup-linux-arm64-musl': [ '4.60.2' ],
21 silly audit   '@rollup/rollup-linux-loong64-gnu': [ '4.60.2' ],
21 silly audit   '@rollup/rollup-linux-loong64-musl': [ '4.60.2' ],
21 silly audit   '@rollup/rollup-linux-ppc64-gnu': [ '4.60.2' ],
21 silly audit   '@rollup/rollup-linux-ppc64-musl': [ '4.60.2' ],
21 silly audit   '@rollup/rollup-linux-riscv64-gnu': [ '4.60.2' ],
21 silly audit   '@rollup/rollup-linux-riscv64-musl': [ '4.60.2' ],
21 silly audit   '@rollup/rollup-linux-s390x-gnu': [ '4.60.2' ],
21 silly audit   '@rollup/rollup-linux-x64-gnu': [ '4.60.2' ],
21 silly audit   '@rollup/rollup-linux-x64-musl': [ '4.60.2' ],
21 silly audit   '@rollup/rollup-openbsd-x64': [ '4.60.2' ],
21 silly audit   '@rollup/rollup-openharmony-arm64': [ '4.60.2' ],
21 silly audit   '@rollup/rollup-win32-arm64-msvc': [ '4.60.2' ],
21 silly audit   '@rollup/rollup-win32-ia32-msvc': [ '4.60.2' ],
21 silly audit   '@rollup/rollup-win32-x64-gnu': [ '4.60.2' ],
21 silly audit   '@rollup/rollup-win32-x64-msvc': [ '4.60.2' ],
21 silly audit   '@types/babel__core': [ '7.20.5' ],
21 silly audit   '@types/babel__generator': [ '7.27.0' ],
21 silly audit   '@types/babel__template': [ '7.4.4' ],
21 silly audit   '@types/babel__traverse': [ '7.28.0' ],
21 silly audit   '@types/estree': [ '1.0.8' ],
21 silly audit   '@vitejs/plugin-react': [ '5.2.0' ],
21 silly audit   'adler-32': [ '1.3.1' ],
21 silly audit   'baseline-browser-mapping': [ '2.10.21' ],
21 silly audit   browserslist: [ '4.28.2' ],
21 silly audit   'caniuse-lite': [ '1.0.30001790' ],
21 silly audit   cfb: [ '1.2.2' ],
21 silly audit   'convert-source-map': [ '2.0.0' ],
21 silly audit   'core-util-is': [ '1.0.3' ],
21 silly audit   'crc-32': [ '1.2.2' ],
21 silly audit   debug: [ '4.4.3' ],
21 silly audit   'electron-to-chromium': [ '1.5.344' ],
21 silly audit   esbuild: [ '0.27.7' ],
21 silly audit   escalade: [ '3.2.0' ],
21 silly audit   fdir: [ '6.5.0' ],
21 silly audit   fsevents: [ '2.3.3' ],
21 silly audit   gensync: [ '1.0.0-beta.2' ],
21 silly audit   immediate: [ '3.0.6' ],
21 silly audit   inherits: [ '2.0.4' ],
21 silly audit   isarray: [ '1.0.0' ],
21 silly audit   'js-tokens': [ '4.0.0' ],
21 silly audit   jsesc: [ '3.1.0' ],
21 silly audit   json5: [ '2.2.3' ],
21 silly audit   lie: [ '3.3.0' ],
21 silly audit   lodash: [ '4.18.1' ],
21 silly audit   'lru-cache': [ '5.1.1' ],
21 silly audit   ms: [ '2.1.3' ],
21 silly audit   nanoid: [ '3.3.11' ],
21 silly audit   'node-releases': [ '2.0.38' ],
21 silly audit   pako: [ '1.0.11' ],
21 silly audit   picocolors: [ '1.1.1' ],
21 silly audit   picomatch: [ '4.0.4' ],
21 silly audit   postcss: [ '8.5.10' ],
21 silly audit   'process-nextick-args': [ '2.0.1' ],
21 silly audit   react: [ '19.2.5' ],
21 silly audit   'react-dom': [ '19.2.5' ],
21 silly audit   'react-refresh': [ '0.18.0' ],
21 silly audit   'readable-stream': [ '2.3.8' ],
21 silly audit   rollup: [ '4.60.2' ],
21 silly audit   'safe-buffer': [ '5.1.2' ],
21 silly audit   sax: [ '1.6.0' ],
21 silly audit   scheduler: [ '0.27.0' ],
21 silly audit   semver: [ '6.3.1' ],
21 silly audit   setimmediate: [ '1.0.5' ],
21 silly audit   'source-map-js': [ '1.2.1' ],
21 silly audit   string_decoder: [ '1.1.1' ],
21 silly audit   tinyglobby: [ '0.2.16' ],
21 silly audit   'update-browserslist-db': [ '1.2.3' ],
21 silly audit   'util-deprecate': [ '1.0.2' ],
21 silly audit   vite: [ '7.3.2' ],
21 silly audit   'xlsx-populate': [ '1.21.0' ],
21 silly audit   yallist: [ '3.1.1' ],
21 silly audit   jszip: [ '3.10.1' ]
21 silly audit }
22 http cache fsevents@https://registry.npmjs.org/fsevents/-/fsevents-2.3.3.tgz 0ms (cache hit)
23 http fetch POST 200 https://registry.npmjs.org/-/npm/v1/security/advisories/bulk 210ms
24 silly audit report {}
25 silly ADD node_modules/fsevents
26 verbose cwd /Users/joaomvalente/Downloads/Trabalhos/Bicycle-WebApp
27 verbose os Darwin 25.4.0
28 verbose node v24.11.1
29 verbose npm  v11.6.2
30 verbose exit 0
31 info ok
